
######################################

2025-09-28 20:16:00 - Exception occurred:
Traceback (most recent call last):
  File "D:\Projects\roc-bot\conversation.py", line 52, in start
    raise ValueError("This is a simulated ValueError")
ValueError: This is a simulated ValueError

######################################
    
######################################

2025-09-28 20:18:19 - Exception occurred:
Traceback (most recent call last):
  File "D:\Projects\roc-bot\conversation.py", line 52, in start
    raise ValueError("This is a simulated ValueError")
ValueError: This is a simulated ValueError

######################################
    
######################################

2025-09-28 20:31:10 - Exception occurred:
Traceback (most recent call last):
  File "D:\Projects\roc-bot\conversation.py", line 75, in handle_role_selection
    raise ValueError("Huina")
ValueError: Huina

######################################
    
######################################

2025-11-20 19:00:04 - Exception occurred:
Traceback (most recent call last):
  File "D:\Projects\roc-bot\.venv\Lib\site-packages\mysql\connector\connection_cext.py", line 354, in _open_connection
    self._cmysql.connect(**cnx_kwargs)
_mysql_connector.MySQLInterfaceError: Can't connect to MySQL server on '34.30.127.110:3306' (10060)

The above exception was the direct cause of the following exception:

Traceback (most recent call last):
  File "D:\Projects\roc-bot\conversation.py", line 1020, in get_player_selection
    result = db.execute_query(query, tuple())
             ^^^^^^^^^^^^^^^^^^^^^^^^^^^^^^^^
  File "D:\Projects\roc-bot\database\db_connectior.py", line 61, in execute_query
    conn = self.get_connection()
           ^^^^^^^^^^^^^^^^^^^^^
  File "D:\Projects\roc-bot\database\db_connectior.py", line 41, in get_connection
    conn = mysql.connector.connect(
           ^^^^^^^^^^^^^^^^^^^^^^^^
  File "D:\Projects\roc-bot\.venv\Lib\site-packages\mysql\connector\pooling.py", line 322, in connect
    return CMySQLConnection(*args, **kwargs)
           ^^^^^^^^^^^^^^^^^^^^^^^^^^^^^^^^^
  File "D:\Projects\roc-bot\.venv\Lib\site-packages\mysql\connector\connection_cext.py", line 142, in __init__
    self.connect(**kwargs)
  File "D:\Projects\roc-bot\.venv\Lib\site-packages\mysql\connector\abstracts.py", line 1605, in connect
    self._open_connection()
  File "D:\Projects\roc-bot\.venv\Lib\site-packages\mysql\connector\connection_cext.py", line 360, in _open_connection
    raise get_mysql_exception(
mysql.connector.errors.DatabaseError: 2003 (HY000): Can't connect to MySQL server on '34.30.127.110:3306' (10060)

######################################
    
######################################

2025-11-20 19:01:57 - Exception occurred:
Traceback (most recent call last):
  File "D:\Projects\roc-bot\.venv\Lib\site-packages\google\cloud\storage\blob.py", line 2835, in _prep_and_do_upload
    created_json = self._do_upload(
                   ^^^^^^^^^^^^^^^^
  File "D:\Projects\roc-bot\.venv\Lib\site-packages\google\cloud\storage\blob.py", line 2630, in _do_upload
    response = self._do_multipart_upload(
               ^^^^^^^^^^^^^^^^^^^^^^^^^^
  File "D:\Projects\roc-bot\.venv\Lib\site-packages\google\cloud\storage\blob.py", line 2061, in _do_multipart_upload
    response = upload.transmit(
               ^^^^^^^^^^^^^^^^
  File "D:\Projects\roc-bot\.venv\Lib\site-packages\google\cloud\storage\_media\requests\upload.py", line 162, in transmit
    return _request_helpers.wait_and_retry(retriable_request, self._retry_strategy)
           ^^^^^^^^^^^^^^^^^^^^^^^^^^^^^^^^^^^^^^^^^^^^^^^^^^^^^^^^^^^^^^^^^^^^^^^^
  File "D:\Projects\roc-bot\.venv\Lib\site-packages\google\cloud\storage\_media\requests\_request_helpers.py", line 107, in wait_and_retry
    return func()
           ^^^^^^
  File "D:\Projects\roc-bot\.venv\Lib\site-packages\google\api_core\retry\retry_unary.py", line 294, in retry_wrapped_func
    return retry_target(
           ^^^^^^^^^^^^^
  File "D:\Projects\roc-bot\.venv\Lib\site-packages\google\api_core\retry\retry_unary.py", line 156, in retry_target
    next_sleep = _retry_error_helper(
                 ^^^^^^^^^^^^^^^^^^^^
  File "D:\Projects\roc-bot\.venv\Lib\site-packages\google\api_core\retry\retry_base.py", line 214, in _retry_error_helper
    raise final_exc from source_exc
  File "D:\Projects\roc-bot\.venv\Lib\site-packages\google\api_core\retry\retry_unary.py", line 147, in retry_target
    result = target()
             ^^^^^^^^
  File "D:\Projects\roc-bot\.venv\Lib\site-packages\google\cloud\storage\_media\requests\upload.py", line 158, in retriable_request
    self._process_response(result)
  File "D:\Projects\roc-bot\.venv\Lib\site-packages\google\cloud\storage\_media\_upload.py", line 135, in _process_response
    _helpers.require_status_code(response, (http.client.OK,), self._get_status_code)
  File "D:\Projects\roc-bot\.venv\Lib\site-packages\google\cloud\storage\_media\_helpers.py", line 105, in require_status_code
    raise InvalidResponse(
google.cloud.storage.exceptions.InvalidResponse: ('Request failed with status code', 403, 'Expected one of', <HTTPStatus.OK: 200>)

During handling of the above exception, another exception occurred:

Traceback (most recent call last):
  File "D:\Projects\roc-bot\conversation.py", line 737, in get_free_text_from_master
    upload_image_to_bucket(context.user_data['image_url'])
  File "D:\Projects\roc-bot\utils.py", line 74, in upload_image_to_bucket
    blob.upload_from_filename(path)
  File "D:\Projects\roc-bot\.venv\Lib\site-packages\google\cloud\storage\blob.py", line 3198, in upload_from_filename
    self._handle_filename_and_upload(
  File "D:\Projects\roc-bot\.venv\Lib\site-packages\google\cloud\storage\blob.py", line 3048, in _handle_filename_and_upload
    self._prep_and_do_upload(
  File "D:\Projects\roc-bot\.venv\Lib\site-packages\google\cloud\storage\blob.py", line 2853, in _prep_and_do_upload
    _raise_from_invalid_response(exc)
  File "D:\Projects\roc-bot\.venv\Lib\site-packages\google\cloud\storage\blob.py", line 5145, in _raise_from_invalid_response
    raise exceptions.from_http_status(response.status_code, message, response=response)
google.api_core.exceptions.Forbidden: 403 POST https://storage.googleapis.com/upload/storage/v1/b/roc_images/o?uploadType=multipart: {
  "error": {
    "code": 403,
    "message": "nikita.m@wideops.com does not have storage.objects.create access to the Google Cloud Storage object. Permission 'storage.objects.create' denied on resource (or it may not exist).",
    "errors": [
      {
        "message": "nikita.m@wideops.com does not have storage.objects.create access to the Google Cloud Storage object. Permission 'storage.objects.create' denied on resource (or it may not exist).",
        "domain": "global",
        "reason": "forbidden"
      }
    ]
  }
}
: ('Request failed with status code', 403, 'Expected one of', <HTTPStatus.OK: 200>)

######################################
    
######################################

2025-11-20 19:08:16 - Exception occurred:
Traceback (most recent call last):
  File "D:\Projects\roc-bot\.venv\Lib\site-packages\mysql\connector\connection_cext.py", line 354, in _open_connection
    self._cmysql.connect(**cnx_kwargs)
_mysql_connector.MySQLInterfaceError: Can't connect to MySQL server on '34.30.127.110:3306' (10060)

The above exception was the direct cause of the following exception:

Traceback (most recent call last):
  File "D:\Projects\roc-bot\conversation.py", line 172, in get_master_select
    result = db.execute_query(query, (context.user_data["master_id"],))
             ^^^^^^^^^^^^^^^^^^^^^^^^^^^^^^^^^^^^^^^^^^^^^^^^^^^^^^^^^^
  File "D:\Projects\roc-bot\database\db_connectior.py", line 61, in execute_query
    conn = self.get_connection()
           ^^^^^^^^^^^^^^^^^^^^^
  File "D:\Projects\roc-bot\database\db_connectior.py", line 41, in get_connection
    conn = mysql.connector.connect(
           ^^^^^^^^^^^^^^^^^^^^^^^^
  File "D:\Projects\roc-bot\.venv\Lib\site-packages\mysql\connector\pooling.py", line 322, in connect
    return CMySQLConnection(*args, **kwargs)
           ^^^^^^^^^^^^^^^^^^^^^^^^^^^^^^^^^
  File "D:\Projects\roc-bot\.venv\Lib\site-packages\mysql\connector\connection_cext.py", line 142, in __init__
    self.connect(**kwargs)
  File "D:\Projects\roc-bot\.venv\Lib\site-packages\mysql\connector\abstracts.py", line 1605, in connect
    self._open_connection()
  File "D:\Projects\roc-bot\.venv\Lib\site-packages\mysql\connector\connection_cext.py", line 360, in _open_connection
    raise get_mysql_exception(
mysql.connector.errors.DatabaseError: 2003 (HY000): Can't connect to MySQL server on '34.30.127.110:3306' (10060)

######################################
    
######################################

2025-11-20 19:11:14 - Exception occurred:
Traceback (most recent call last):
  File "D:\Projects\roc-bot\.venv\Lib\site-packages\mysql\connector\connection_cext.py", line 354, in _open_connection
    self._cmysql.connect(**cnx_kwargs)
_mysql_connector.MySQLInterfaceError: Can't connect to MySQL server on '34.30.127.110:3306' (10060)

The above exception was the direct cause of the following exception:

Traceback (most recent call last):
  File "D:\Projects\roc-bot\conversation.py", line 172, in get_master_select
    result = db.execute_query(query, (context.user_data["master_id"],))
             ^^^^^^^^^^^^^^^^^^^^^^^^^^^^^^^^^^^^^^^^^^^^^^^^^^^^^^^^^^
  File "D:\Projects\roc-bot\database\db_connectior.py", line 61, in execute_query
    conn = self.get_connection()
           ^^^^^^^^^^^^^^^^^^^^^
  File "D:\Projects\roc-bot\database\db_connectior.py", line 41, in get_connection
    conn = mysql.connector.connect(
           ^^^^^^^^^^^^^^^^^^^^^^^^
  File "D:\Projects\roc-bot\.venv\Lib\site-packages\mysql\connector\pooling.py", line 322, in connect
    return CMySQLConnection(*args, **kwargs)
           ^^^^^^^^^^^^^^^^^^^^^^^^^^^^^^^^^
  File "D:\Projects\roc-bot\.venv\Lib\site-packages\mysql\connector\connection_cext.py", line 142, in __init__
    self.connect(**kwargs)
  File "D:\Projects\roc-bot\.venv\Lib\site-packages\mysql\connector\abstracts.py", line 1605, in connect
    self._open_connection()
  File "D:\Projects\roc-bot\.venv\Lib\site-packages\mysql\connector\connection_cext.py", line 360, in _open_connection
    raise get_mysql_exception(
mysql.connector.errors.DatabaseError: 2003 (HY000): Can't connect to MySQL server on '34.30.127.110:3306' (10060)

######################################
    
######################################

2025-11-20 19:13:05 - Exception occurred:
Traceback (most recent call last):
  File "D:\Projects\roc-bot\.venv\Lib\site-packages\mysql\connector\connection_cext.py", line 354, in _open_connection
    self._cmysql.connect(**cnx_kwargs)
_mysql_connector.MySQLInterfaceError: Can't connect to MySQL server on '34.30.127.110:3306' (10060)

The above exception was the direct cause of the following exception:

Traceback (most recent call last):
  File "D:\Projects\roc-bot\conversation.py", line 1021, in get_player_selection
    result = db.execute_query(query, tuple())
             ^^^^^^^^^^^^^^^^^^^^^^^^^^^^^^^^
  File "D:\Projects\roc-bot\database\db_connectior.py", line 61, in execute_query
    conn = self.get_connection()
           ^^^^^^^^^^^^^^^^^^^^^
  File "D:\Projects\roc-bot\database\db_connectior.py", line 41, in get_connection
    conn = mysql.connector.connect(
           ^^^^^^^^^^^^^^^^^^^^^^^^
  File "D:\Projects\roc-bot\.venv\Lib\site-packages\mysql\connector\pooling.py", line 322, in connect
    return CMySQLConnection(*args, **kwargs)
           ^^^^^^^^^^^^^^^^^^^^^^^^^^^^^^^^^
  File "D:\Projects\roc-bot\.venv\Lib\site-packages\mysql\connector\connection_cext.py", line 142, in __init__
    self.connect(**kwargs)
  File "D:\Projects\roc-bot\.venv\Lib\site-packages\mysql\connector\abstracts.py", line 1605, in connect
    self._open_connection()
  File "D:\Projects\roc-bot\.venv\Lib\site-packages\mysql\connector\connection_cext.py", line 360, in _open_connection
    raise get_mysql_exception(
mysql.connector.errors.DatabaseError: 2003 (HY000): Can't connect to MySQL server on '34.30.127.110:3306' (10060)

######################################
    
######################################

2025-11-20 19:29:47 - Exception occurred:
Traceback (most recent call last):
  File "D:\Projects\roc-bot\conversation.py", line 1148, in get_search_type
    reply_markup = InlineKeyboardMarkup([buttons])
                   ^^^^^^^^^^^^^^^^^^^^^^^^^^^^^^^
  File "D:\Projects\roc-bot\.venv\Lib\site-packages\telegram\_inline\inlinekeyboardmarkup.py", line 79, in __init__
    raise ValueError(
ValueError: The parameter `inline_keyboard` should be a sequence of sequences of InlineKeyboardButtons

######################################
    
######################################

2025-11-20 19:31:31 - Exception occurred:
Traceback (most recent call last):
  File "D:\Projects\roc-bot\conversation.py", line 1148, in get_search_type
    reply_markup = InlineKeyboardMarkup([buttons])
                   ^^^^^^^^^^^^^^^^^^^^^^^^^^^^^^^
  File "D:\Projects\roc-bot\.venv\Lib\site-packages\telegram\_inline\inlinekeyboardmarkup.py", line 79, in __init__
    raise ValueError(
ValueError: The parameter `inline_keyboard` should be a sequence of sequences of InlineKeyboardButtons

######################################
    
######################################

2025-11-20 19:37:55 - Exception occurred:
Traceback (most recent call last):
  File "D:\Projects\roc-bot\conversation.py", line 1151, in get_search_type
    [InlineKeyboardButton(system[0], callback_data='system-' + str(system[1]))] for system in result
                                                                   ~~~~~~^^^
IndexError: tuple index out of range

######################################
    
######################################

2025-11-20 20:27:34 - Exception occurred:
Traceback (most recent call last):
  File "D:\Projects\roc-bot\conversation.py", line 1091, in print_all_games
    await context.bot.delete_message(chat_id=chat_id, message_id=image_id)
  File "D:\Projects\roc-bot\.venv\Lib\site-packages\telegram\ext\_extbot.py", line 1336, in delete_message
    return await super().delete_message(
           ^^^^^^^^^^^^^^^^^^^^^^^^^^^^^
  File "D:\Projects\roc-bot\.venv\Lib\site-packages\telegram\_bot.py", line 1098, in delete_message
    return await self._post(
           ^^^^^^^^^^^^^^^^^
  File "D:\Projects\roc-bot\.venv\Lib\site-packages\telegram\_bot.py", line 623, in _post
    return await self._do_post(
           ^^^^^^^^^^^^^^^^^^^^
  File "D:\Projects\roc-bot\.venv\Lib\site-packages\telegram\ext\_extbot.py", line 355, in _do_post
    return await super()._do_post(
           ^^^^^^^^^^^^^^^^^^^^^^^
  File "D:\Projects\roc-bot\.venv\Lib\site-packages\telegram\_bot.py", line 652, in _do_post
    result = await request.post(
             ^^^^^^^^^^^^^^^^^^^
  File "D:\Projects\roc-bot\.venv\Lib\site-packages\telegram\request\_baserequest.py", line 201, in post
    result = await self._request_wrapper(
             ^^^^^^^^^^^^^^^^^^^^^^^^^^^^
  File "D:\Projects\roc-bot\.venv\Lib\site-packages\telegram\request\_baserequest.py", line 382, in _request_wrapper
    raise BadRequest(message)
telegram.error.BadRequest: Message to delete not found

######################################
    
######################################

2025-11-20 20:31:32 - Exception occurred:
Traceback (most recent call last):
  File "D:\Projects\roc-bot\conversation.py", line 1091, in print_all_games
    await context.bot.delete(chat_id=chat_id, message_id=image_id)
          ^^^^^^^^^^^^^^^^^^
AttributeError: 'ExtBot' object has no attribute 'delete'

######################################
    
######################################

2025-11-20 20:33:54 - Exception occurred:
Traceback (most recent call last):
  File "D:\Projects\roc-bot\conversation.py", line 1089, in print_all_games
    image_id = update.message.message_id
               ^^^^^^^^^^^^^^^^^^^^^^^^^
AttributeError: 'NoneType' object has no attribute 'message_id'

######################################
    
######################################

2025-11-20 20:39:14 - Exception occurred:
Traceback (most recent call last):
  File "D:\Projects\roc-bot\conversation.py", line 1102, in print_all_games
    await context.bot.delete_message(chat_id=chat_id, message_id=image_id)
                                             ^^^^^^^
NameError: name 'chat_id' is not defined

######################################
    
######################################

2025-11-20 20:40:19 - Exception occurred:
Traceback (most recent call last):
  File "D:\Projects\roc-bot\conversation.py", line 1033, in get_player_selection
    await context.bot.delete_message(chat_id=chat_id, message_id=image_id)
  File "D:\Projects\roc-bot\.venv\Lib\site-packages\telegram\ext\_extbot.py", line 1336, in delete_message
    return await super().delete_message(
           ^^^^^^^^^^^^^^^^^^^^^^^^^^^^^
  File "D:\Projects\roc-bot\.venv\Lib\site-packages\telegram\_bot.py", line 1098, in delete_message
    return await self._post(
           ^^^^^^^^^^^^^^^^^
  File "D:\Projects\roc-bot\.venv\Lib\site-packages\telegram\_bot.py", line 623, in _post
    return await self._do_post(
           ^^^^^^^^^^^^^^^^^^^^
  File "D:\Projects\roc-bot\.venv\Lib\site-packages\telegram\ext\_extbot.py", line 355, in _do_post
    return await super()._do_post(
           ^^^^^^^^^^^^^^^^^^^^^^^
  File "D:\Projects\roc-bot\.venv\Lib\site-packages\telegram\_bot.py", line 652, in _do_post
    result = await request.post(
             ^^^^^^^^^^^^^^^^^^^
  File "D:\Projects\roc-bot\.venv\Lib\site-packages\telegram\request\_baserequest.py", line 201, in post
    result = await self._request_wrapper(
             ^^^^^^^^^^^^^^^^^^^^^^^^^^^^
  File "D:\Projects\roc-bot\.venv\Lib\site-packages\telegram\request\_baserequest.py", line 382, in _request_wrapper
    raise BadRequest(message)
telegram.error.BadRequest: Chat not found

######################################
    